GetDevicesResponse {
    code: 200,
    message: "success",
    data: [
        HttpDeviceInfo {
            sku: "H6601",
            device: "9D:FA:85:EB:D3:00:8B:FF",
            device_name: "",
            device_type: Light,
            capabilities: [
                DeviceCapability {
                    kind: OnOff,
                    instance: "powerSwitch",
                    parameters: Enum {
                        options: [
                            EnumOption {
                                name: "on",
                                value: Number(1),
                            },
                            EnumOption {
                                name: "off",
                                value: Number(0),
                            },
                        ],
                    },
                },
                DeviceCapability {
                    kind: Toggle,
                    instance: "gradientToggle",
                    parameters: Enum {
                        options: [
                            EnumOption {
                                name: "on",
                                value: Number(1),
                            },
                            EnumOption {
                                name: "off",
                                value: Number(0),
                            },
                        ],
                    },
                },
                DeviceCapability {
                    kind: Range,
                    instance: "brightness",
                    parameters: Integer {
                        unit: Some(
                            "unit.percent",
                        ),
                        range: IntegerRange {
                            min: 1,
                            max: 100,
                            precision: 1,
                        },
                    },
                },
                DeviceCapability {
                    kind: SegmentColorSetting,
                    instance: "segmentedColorRgb",
                    parameters: Struct {
                        fields: [
                            StructField {
                                field_name: "segment",
                                field_type: Array {
                                    size: None,
                                    element_range: None,
                                    element_type: None,
                                    options: [
                                        ArrayOption {
                                            value: 0,
                                        },
                                        ArrayOption {
                                            value: 1,
                                        },
                                        ArrayOption {
                                            value: 2,
                                        },
                                        ArrayOption {
                                            value: 3,
                                        },
                                        ArrayOption {
                                            value: 4,
                                        },
                                        ArrayOption {
                                            value: 5,
                                        },
                                        ArrayOption {
                                            value: 6,
                                        },
                                        ArrayOption {
                                            value: 7,
                                        },
                                        ArrayOption {
                                            value: 8,
                                        },
                                        ArrayOption {
                                            value: 9,
                                        },
                                        ArrayOption {
                                            value: 10,
                                        },
                                        ArrayOption {
                                            value: 11,
                                        },
                                        ArrayOption {
                                            value: 12,
                                        },
                                        ArrayOption {
                                            value: 13,
                                        },
                                        ArrayOption {
                                            value: 14,
                                        },
                                    ],
                                },
                                required: true,
                            },
                            StructField {
                                field_name: "rgb",
                                field_type: Integer {
                                    unit: None,
                                    range: IntegerRange {
                                        min: 0,
                                        max: 16777215,
                                        precision: 1,
                                    },
                                },
                                required: true,
                            },
                        ],
                    },
                },
                DeviceCapability {
                    kind: ColorSetting,
                    instance: "colorRgb",
                    parameters: Integer {
                        unit: None,
                        range: IntegerRange {
                            min: 0,
                            max: 16777215,
                            precision: 1,
                        },
                    },
                },
                DeviceCapability {
                    kind: ColorSetting,
                    instance: "colorTemperatureK",
                    parameters: Integer {
                        unit: None,
                        range: IntegerRange {
                            min: 2000,
                            max: 9000,
                            precision: 1,
                        },
                    },
                },
                DeviceCapability {
                    kind: DynamicScene,
                    instance: "lightScene",
                    parameters: Enum {
                        options: [
                            EnumOption {
                                name: "Tudum",
                                value: Number(3054),
                            },
                            EnumOption {
                                name: "Party",
                                value: Number(3055),
                            },
                            EnumOption {
                                name: "Dance Party",
                                value: Number(3056),
                            },
                            EnumOption {
                                name: "Dine Together",
                                value: Number(3057),
                            },
                            EnumOption {
                                name: "Dating",
                                value: Number(3058),
                            },
                            EnumOption {
                                name: "Adventure",
                                value: Number(3059),
                            },
                            EnumOption {
                                name: "Technology",
                                value: Number(3060),
                            },
                            EnumOption {
                                name: "Sports",
                                value: Number(3061),
                            },
                            EnumOption {
                                name: "Dreamlike",
                                value: Number(3062),
                            },
                            EnumOption {
                                name: "Dynamic",
                                value: Number(3063),
                            },
                            EnumOption {
                                name: "Blossom",
                                value: Number(3064),
                            },
                            EnumOption {
                                name: "Christmas",
                                value: Number(3065),
                            },
                            EnumOption {
                                name: "Halloween",
                                value: Number(3066),
                            },
                            EnumOption {
                                name: "Fireworks",
                                value: Number(3067),
                            },
                            EnumOption {
                                name: "Ghost",
                                value: Number(3068),
                            },
                            EnumOption {
                                name: "Easter",
                                value: Number(3069),
                            },
                            EnumOption {
                                name: "Valentine's Day",
                                value: Number(3070),
                            },
                            EnumOption {
                                name: "Spin",
                                value: Number(3071),
                            },
                            EnumOption {
                                name: "Stacking",
                                value: Number(3072),
                            },
                            EnumOption {
                                name: "Shoot",
                                value: Number(3073),
                            },
                            EnumOption {
                                name: "Racing",
                                value: Number(3074),
                            },
                            EnumOption {
                                name: "Poker",
                                value: Number(3075),
                            },
                            EnumOption {
                                name: "Crossing",
                                value: Number(3076),
                            },
                            EnumOption {
                                name: "Fight",
                                value: Number(3077),
                            },
                            EnumOption {
                                name: "Electro Dance",
                                value: Number(3078),
                            },
                            EnumOption {
                                name: "Swing",
                                value: Number(3079),
                            },
                            EnumOption {
                                name: "Candy Crush",
                                value: Number(3080),
                            },
                            EnumOption {
                                name: "Portal",
                                value: Number(3081),
                            },
                            EnumOption {
                                name: "Freeze",
                                value: Number(3082),
                            },
                            EnumOption {
                                name: "Excited",
                                value: Number(3083),
                            },
                            EnumOption {
                                name: "Tension",
                                value: Number(3084),
                            },
                            EnumOption {
                                name: "Fright",
                                value: Number(3085),
                            },
                            EnumOption {
                                name: "Energetic",
                                value: Number(3086),
                            },
                            EnumOption {
                                name: "Doubt",
                                value: Number(3087),
                            },
                            EnumOption {
                                name: "Meditation",
                                value: Number(3088),
                            },
                            EnumOption {
                                name: "Daze",
                                value: Number(3089),
                            },
                            EnumOption {
                                name: "Action",
                                value: Number(3090),
                            },
                            EnumOption {
                                name: "Rivalry",
                                value: Number(3091),
                            },
                            EnumOption {
                                name: "Puzzle Game",
                                value: Number(3092),
                            },
                            EnumOption {
                                name: "Shooting Game",
                                value: Number(3093),
                            },
                            EnumOption {
                                name: "Racing Game",
                                value: Number(3094),
                            },
                            EnumOption {
                                name: "Card Playing",
                                value: Number(3095),
                            },
                        ],
                    },
                },
                DeviceCapability {
                    kind: MusicSetting,
                    instance: "musicMode",
                    parameters: Struct {
                        fields: [
                            StructField {
                                field_name: "musicMode",
                                field_type: Enum {
                                    options: [
                                        EnumOption {
                                            name: "Energic",
                                            value: Number(5),
                                        },
                                        EnumOption {
                                            name: "Rhythm",
                                            value: Number(3),
                                        },
                                        EnumOption {
                                            name: "Spectrum",
                                            value: Number(6),
                                        },
                                        EnumOption {
                                            name: "Rolling",
                                            value: Number(4),
                                        },
                                    ],
                                },
                                required: true,
                            },
                            StructField {
                                field_name: "sensitivity",
                                field_type: Integer {
                                    unit: Some(
                                        "unit.percent",
                                    ),
                                    range: IntegerRange {
                                        min: 0,
                                        max: 100,
                                        precision: 1,
                                    },
                                },
                                required: true,
                            },
                            StructField {
                                field_name: "autoColor",
                                field_type: Enum {
                                    options: [
                                        EnumOption {
                                            name: "on",
                                            value: Number(1),
                                        },
                                        EnumOption {
                                            name: "off",
                                            value: Number(0),
                                        },
                                    ],
                                },
                                required: false,
                            },
                            StructField {
                                field_name: "rgb",
                                field_type: Integer {
                                    unit: Some(
                                        "unit.percent",
                                    ),
                                    range: IntegerRange {
                                        min: 0,
                                        max: 16777215,
                                        precision: 1,
                                    },
                                },
                                required: true,
                            },
                        ],
                    },
                },
                DeviceCapability {
                    kind: DynamicScene,
                    instance: "diyScene",
                    parameters: Enum {
                        options: [
                            EnumOption {
                                name: "Fade",
                                value: Number(8216567),
                            },
                        ],
                    },
                },
                DeviceCapability {
                    kind: DynamicScene,
                    instance: "snapshot",
                    parameters: Enum {
                        options: [
                            EnumOption {
                                name: "Sunrise",
                                value: Number(0),
                            },
                            EnumOption {
                                name: "Sunset",
                                value: Number(1),
                            },
                        ],
                    },
                },
            ],
        },
        HttpDeviceInfo {
            sku: "H605C",
            device: "69:EC:D1:37:36:39:24:4B",
            device_name: "",
            device_type: Light,
            capabilities: [
                DeviceCapability {
                    kind: OnOff,
                    instance: "powerSwitch",
                    parameters: Enum {
                        options: [
                            EnumOption {
                                name: "on",
                                value: Number(1),
                            },
                            EnumOption {
                                name: "off",
                                value: Number(0),
                            },
                        ],
                    },
                },
                DeviceCapability {
                    kind: Toggle,
                    instance: "gradientToggle",
                    parameters: Enum {
                        options: [
                            EnumOption {
                                name: "on",
                                value: Number(1),
                            },
                            EnumOption {
                                name: "off",
                                value: Number(0),
                            },
                        ],
                    },
                },
                DeviceCapability {
                    kind: Range,
                    instance: "brightness",
                    parameters: Integer {
                        unit: Some(
                            "unit.percent",
                        ),
                        range: IntegerRange {
                            min: 1,
                            max: 100,
                            precision: 1,
                        },
                    },
                },
                DeviceCapability {
                    kind: SegmentColorSetting,
                    instance: "segmentedColorRgb",
                    parameters: Struct {
                        fields: [
                            StructField {
                                field_name: "segment",
                                field_type: Array {
                                    size: None,
                                    element_range: None,
                                    element_type: None,
                                    options: [
                                        ArrayOption {
                                            value: 0,
                                        },
                                        ArrayOption {
                                            value: 1,
                                        },
                                        ArrayOption {
                                            value: 2,
                                        },
                                        ArrayOption {
                                            value: 3,
                                        },
                                        ArrayOption {
                                            value: 4,
                                        },
                                        ArrayOption {
                                            value: 5,
                                        },
                                        ArrayOption {
                                            value: 6,
                                        },
                                        ArrayOption {
                                            value: 7,
                                        },
                                        ArrayOption {
                                            value: 8,
                                        },
                                        ArrayOption {
                                            value: 9,
                                        },
                                        ArrayOption {
                                            value: 10,
                                        },
                                        ArrayOption {
                                            value: 11,
                                        },
                                        ArrayOption {
                                            value: 12,
                                        },
                                        ArrayOption {
                                            value: 13,
                                        },
                                        ArrayOption {
                                            value: 14,
                                        },
                                    ],
                                },
                                required: true,
                            },
                            StructField {
                                field_name: "rgb",
                                field_type: Integer {
                                    unit: None,
                                    range: IntegerRange {
                                        min: 0,
                                        max: 16777215,
                                        precision: 1,
                                    },
                                },
                                required: true,
                            },
                        ],
                    },
                },
                DeviceCapability {
                    kind: ColorSetting,
                    instance: "colorRgb",
                    parameters: Integer {
                        unit: None,
                        range: IntegerRange {
                            min: 0,
                            max: 16777215,
                            precision: 1,
                        },
                    },
                },
                DeviceCapability {
                    kind: ColorSetting,
                    instance: "colorTemperatureK",
                    parameters: Integer {
                        unit: None,
                        range: IntegerRange {
                            min: 2000,
                            max: 9000,
                            precision: 1,
                        },
                    },
                },
                DeviceCapability {
                    kind: DynamicScene,
                    instance: "lightScene",
                    parameters: Enum {
                        options: [
                            EnumOption {
                                name: "Tudum",
                                value: Number(3054),
                            },
                            EnumOption {
                                name: "Party",
                                value: Number(3055),
                            },
                            EnumOption {
                                name: "Dance Party",
                                value: Number(3056),
                            },
                            EnumOption {
                                name: "Dine Together",
                                value: Number(3057),
                            },
                            EnumOption {
                                name: "Dating",
                                value: Number(3058),
                            },
                            EnumOption {
                                name: "Adventure",
                                value: Number(3059),
                            },
                            EnumOption {
                                name: "Technology",
                                value: Number(3060),
                            },
                            EnumOption {
                                name: "Sports",
                                value: Number(3061),
                            },
                            EnumOption {
                                name: "Dreamlike",
                                value: Number(3062),
                            },
                            EnumOption {
                                name: "Dynamic",
                                value: Number(3063),
                            },
                            EnumOption {
                                name: "Blossom",
                                value: Number(3064),
                            },
                            EnumOption {
                                name: "Christmas",
                                value: Number(3065),
                            },
                            EnumOption {
                                name: "Halloween",
                                value: Number(3066),
                            },
                            EnumOption {
                                name: "Fireworks",
                                value: Number(3067),
                            },
                            EnumOption {
                                name: "Ghost",
                                value: Number(3068),
                            },
                            EnumOption {
                                name: "Easter",
                                value: Number(3069),
                            },
                            EnumOption {
                                name: "Valentine's Day",
                                value: Number(3070),
                            },
                            EnumOption {
                                name: "Spin",
                                value: Number(3071),
                            },
                            EnumOption {
                                name: "Stacking",
                                value: Number(3072),
                            },
                            EnumOption {
                                name: "Shoot",
                                value: Number(3073),
                            },
                            EnumOption {
                                name: "Racing",
                                value: Number(3074),
                            },
                            EnumOption {
                                name: "Poker",
                                value: Number(3075),
                            },
                            EnumOption {
                                name: "Crossing",
                                value: Number(3076),
                            },
                            EnumOption {
                                name: "Fight",
                                value: Number(3077),
                            },
                            EnumOption {
                                name: "Electro Dance",
                                value: Number(3078),
                            },
                            EnumOption {
                                name: "Swing",
                                value: Number(3079),
                            },
                            EnumOption {
                                name: "Candy Crush",
                                value: Number(3080),
                            },
                            EnumOption {
                                name: "Portal",
                                value: Number(3081),
                            },
                            EnumOption {
                                name: "Freeze",
                                value: Number(3082),
                            },
                            EnumOption {
                                name: "Excited",
                                value: Number(3083),
                            },
                            EnumOption {
                                name: "Tension",
                                value: Number(3084),
                            },
                            EnumOption {
                                name: "Fright",
                                value: Number(3085),
                            },
                            EnumOption {
                                name: "Energetic",
                                value: Number(3086),
                            },
                            EnumOption {
                                name: "Doubt",
                                value: Number(3087),
                            },
                            EnumOption {
                                name: "Meditation",
                                value: Number(3088),
                            },
                            EnumOption {
                                name: "Daze",
                                value: Number(3089),
                            },
                            EnumOption {
                                name: "Action",
                                value: Number(3090),
                            },
                            EnumOption {
                                name: "Rivalry",
                                value: Number(3091),
                            },
                            EnumOption {
                                name: "Puzzle Game",
                                value: Number(3092),
                            },
                            EnumOption {
                                name: "Shooting Game",
                                value: Number(3093),
                            },
                            EnumOption {
                                name: "Racing Game",
                                value: Number(3094),
                            },
                            EnumOption {
                                name: "Card Playing",
                                value: Number(3095),
                            },
                        ],
                    },
                },
                DeviceCapability {
                    kind: MusicSetting,
                    instance: "musicMode",
                    parameters: Struct {
                        fields: [
                            StructField {
                                field_name: "musicMode",
                                field_type: Enum {
                                    options: [
                                        EnumOption {
                                            name: "Energic",
                                            value: Number(5),
                                        },
                                        EnumOption {
                                            name: "Rhythm",
                                            value: Number(3),
                                        },
                                        EnumOption {
                                            name: "Spectrum",
                                            value: Number(4),
                                        },
                                        EnumOption {
                                            name: "Rolling",
                                            value: Number(6),
                                        },
                                    ],
                                },
                                required: true,
                            },
                            StructField {
                                field_name: "sensitivity",
                                field_type: Integer {
                                    unit: Some(
                                        "unit.percent",
                                    ),
                                    range: IntegerRange {
                                        min: 0,
                                        max: 100,
                                        precision: 1,
                                    },
                                },
                                required: true,
                            },
                            StructField {
                                field_name: "autoColor",
                                field_type: Enum {
                                    options: [
                                        EnumOption {
                                            name: "on",
                                            value: Number(1),
                                        },
                                        EnumOption {
                                            name: "off",
                                            value: Number(0),
                                        },
                                    ],
                                },
                                required: false,
                            },
                            StructField {
                                field_name: "rgb",
                                field_type: Integer {
                                    unit: None,
                                    range: IntegerRange {
                                        min: 0,
                                        max: 16777215,
                                        precision: 1,
                                    },
                                },
                                required: true,
                            },
                        ],
                    },
                },
                DeviceCapability {
                    kind: DynamicSetting,
                    instance: "diyScene",
                    parameters: Enum {
                        options: [
                            EnumOption {
                                name: "fade",
                                value: Number(8216567),
                            },
                        ],
                    },
                },
                DeviceCapability {
                    kind: DynamicScene,
                    instance: "snapshot",
                    parameters: Enum {
                        options: [
                            EnumOption {
                                name: "color scene",
                                value: Number(465503),
                            },
                        ],
                    },
                },
            ],
        },
        HttpDeviceInfo {
            sku: "H7055",
            device: "B6:21:C3:37:34:32:33:86",
            device_name: "",
            device_type: Light,
            capabilities: [
                DeviceCapability {
                    kind: OnOff,
                    instance: "powerSwitch",
                    parameters: Enum {
                        options: [
                            EnumOption {
                                name: "on",
                                value: Number(1),
                            },
                            EnumOption {
                                name: "off",
                                value: Number(0),
                            },
                        ],
                    },
                },
                DeviceCapability {
                    kind: Toggle,
                    instance: "gradientToggle",
                    parameters: Enum {
                        options: [
                            EnumOption {
                                name: "on",
                                value: Number(1),
                            },
                            EnumOption {
                                name: "off",
                                value: Number(0),
                            },
                        ],
                    },
                },
                DeviceCapability {
                    kind: Range,
                    instance: "brightness",
                    parameters: Integer {
                        unit: Some(
                            "unit.percent",
                        ),
                        range: IntegerRange {
                            min: 1,
                            max: 100,
                            precision: 1,
                        },
                    },
                },
                DeviceCapability {
                    kind: SegmentColorSetting,
                    instance: "segmentedColorRgb",
                    parameters: Struct {
                        fields: [
                            StructField {
                                field_name: "segment",
                                field_type: Array {
                                    size: None,
                                    element_range: None,
                                    element_type: None,
                                    options: [
                                        ArrayOption {
                                            value: 0,
                                        },
                                        ArrayOption {
                                            value: 1,
                                        },
                                        ArrayOption {
                                            value: 2,
                                        },
                                        ArrayOption {
                                            value: 3,
                                        },
                                        ArrayOption {
                                            value: 4,
                                        },
                                        ArrayOption {
                                            value: 5,
                                        },
                                        ArrayOption {
                                            value: 6,
                                        },
                                        ArrayOption {
                                            value: 7,
                                        },
                                        ArrayOption {
                                            value: 8,
                                        },
                                        ArrayOption {
                                            value: 9,
                                        },
                                        ArrayOption {
                                            value: 10,
                                        },
                                        ArrayOption {
                                            value: 11,
                                        },
                                        ArrayOption {
                                            value: 12,
                                        },
                                        ArrayOption {
                                            value: 13,
                                        },
                                        ArrayOption {
                                            value: 14,
                                        },
                                    ],
                                },
                                required: true,
                            },
                            StructField {
                                field_name: "rgb",
                                field_type: Integer {
                                    unit: None,
                                    range: IntegerRange {
                                        min: 0,
                                        max: 16777215,
                                        precision: 1,
                                    },
                                },
                                required: true,
                            },
                        ],
                    },
                },
                DeviceCapability {
                    kind: ColorSetting,
                    instance: "colorRgb",
                    parameters: Integer {
                        unit: None,
                        range: IntegerRange {
                            min: 0,
                            max: 16777215,
                            precision: 1,
                        },
                    },
                },
                DeviceCapability {
                    kind: ColorSetting,
                    instance: "colorTemperatureK",
                    parameters: Integer {
                        unit: None,
                        range: IntegerRange {
                            min: 2000,
                            max: 9000,
                            precision: 1,
                        },
                    },
                },
                DeviceCapability {
                    kind: DynamicScene,
                    instance: "lightScene",
                    parameters: Enum {
                        options: [
                            EnumOption {
                                name: "Tudum",
                                value: Number(3054),
                            },
                            EnumOption {
                                name: "Party",
                                value: Number(3055),
                            },
                            EnumOption {
                                name: "Dance Party",
                                value: Number(3056),
                            },
                            EnumOption {
                                name: "Dine Together",
                                value: Number(3057),
                            },
                            EnumOption {
                                name: "Dating",
                                value: Number(3058),
                            },
                            EnumOption {
                                name: "Adventure",
                                value: Number(3059),
                            },
                            EnumOption {
                                name: "Technology",
                                value: Number(3060),
                            },
                            EnumOption {
                                name: "Sports",
                                value: Number(3061),
                            },
                            EnumOption {
                                name: "Dreamlike",
                                value: Number(3062),
                            },
                            EnumOption {
                                name: "Dynamic",
                                value: Number(3063),
                            },
                            EnumOption {
                                name: "Blossom",
                                value: Number(3064),
                            },
                            EnumOption {
                                name: "Christmas",
                                value: Number(3065),
                            },
                            EnumOption {
                                name: "Halloween",
                                value: Number(3066),
                            },
                            EnumOption {
                                name: "Fireworks",
                                value: Number(3067),
                            },
                            EnumOption {
                                name: "Ghost",
                                value: Number(3068),
                            },
                            EnumOption {
                                name: "Easter",
                                value: Number(3069),
                            },
                            EnumOption {
                                name: "Valentine's Day",
                                value: Number(3070),
                            },
                            EnumOption {
                                name: "Spin",
                                value: Number(3071),
                            },
                            EnumOption {
                                name: "Stacking",
                                value: Number(3072),
                            },
                            EnumOption {
                                name: "Shoot",
                                value: Number(3073),
                            },
                            EnumOption {
                                name: "Racing",
                                value: Number(3074),
                            },
                            EnumOption {
                                name: "Poker",
                                value: Number(3075),
                            },
                            EnumOption {
                                name: "Crossing",
                                value: Number(3076),
                            },
                            EnumOption {
                                name: "Fight",
                                value: Number(3077),
                            },
                            EnumOption {
                                name: "Electro Dance",
                                value: Number(3078),
                            },
                            EnumOption {
                                name: "Swing",
                                value: Number(3079),
                            },
                            EnumOption {
                                name: "Candy Crush",
                                value: Number(3080),
                            },
                            EnumOption {
                                name: "Portal",
                                value: Number(3081),
                            },
                            EnumOption {
                                name: "Freeze",
                                value: Number(3082),
                            },
                            EnumOption {
                                name: "Excited",
                                value: Number(3083),
                            },
                            EnumOption {
                                name: "Tension",
                                value: Number(3084),
                            },
                            EnumOption {
                                name: "Fright",
                                value: Number(3085),
                            },
                            EnumOption {
                                name: "Energetic",
                                value: Number(3086),
                            },
                            EnumOption {
                                name: "Doubt",
                                value: Number(3087),
                            },
                            EnumOption {
                                name: "Meditation",
                                value: Number(3088),
                            },
                            EnumOption {
                                name: "Daze",
                                value: Number(3089),
                            },
                            EnumOption {
                                name: "Action",
                                value: Number(3090),
                            },
                            EnumOption {
                                name: "Rivalry",
                                value: Number(3091),
                            },
                            EnumOption {
                                name: "Puzzle Game",
                                value: Number(3092),
                            },
                            EnumOption {
                                name: "Shooting Game",
                                value: Number(3093),
                            },
                            EnumOption {
                                name: "Racing Game",
                                value: Number(3094),
                            },
                            EnumOption {
                                name: "Card Playing",
                                value: Number(3095),
                            },
                        ],
                    },
                },
                DeviceCapability {
                    kind: MusicSetting,
                    instance: "musicMode",
                    parameters: Struct {
                        fields: [
                            StructField {
                                field_name: "musicMode",
                                field_type: Enum {
                                    options: [
                                        EnumOption {
                                            name: "Energic",
                                            value: Number(5),
                                        },
                                        EnumOption {
                                            name: "Rhythm",
                                            value: Number(3),
                                        },
                                        EnumOption {
                                            name: "Spectrum",
                                            value: Number(6),
                                        },
                                        EnumOption {
                                            name: "Rolling",
                                            value: Number(4),
                                        },
                                    ],
                                },
                                required: true,
                            },
                            StructField {
                                field_name: "sensitivity",
                                field_type: Integer {
                                    unit: Some(
                                        "unit.percent",
                                    ),
                                    range: IntegerRange {
                                        min: 0,
                                        max: 100,
                                        precision: 1,
                                    },
                                },
                                required: true,
                            },
                            StructField {
                                field_name: "autoColor",
                                field_type: Enum {
                                    options: [
                                        EnumOption {
                                            name: "on",
                                            value: Number(1),
                                        },
                                        EnumOption {
                                            name: "off",
                                            value: Number(0),
                                        },
                                    ],
                                },
                                required: false,
                            },
                            StructField {
                                field_name: "rgb",
                                field_type: Integer {
                                    unit: Some(
                                        "unit.percent",
                                    ),
                                    range: IntegerRange {
                                        min: 0,
                                        max: 16777215,
                                        precision: 1,
                                    },
                                },
                                required: true,
                            },
                        ],
                    },
                },
                DeviceCapability {
                    kind: DynamicScene,
                    instance: "diyScene",
                    parameters: Enum {
                        options: [
                            EnumOption {
                                name: "Fade",
                                value: Number(8216567),
                            },
                        ],
                    },
                },
                DeviceCapability {
                    kind: DynamicScene,
                    instance: "snapshot",
                    parameters: Enum {
                        options: [
                            EnumOption {
                                name: "Sunrise",
                                value: Number(0),
                            },
                            EnumOption {
                                name: "Sunset",
                                value: Number(1),
                            },
                        ],
                    },
                },
            ],
        },
    ],
}