GetDeviceScenesResponse {
    request_id: "uuid",
    code: 200,
    message: "success",
    payload: GetDeviceScenesResponsePayload {
        sku: "H6072",
        device: "AA:BB:CC:DD:EE:AA:BB:FF",
        capabilities: [
            DeviceCapability {
                kind: DynamicScene,
                instance: "lightScene",
                parameters: Some(
                    Enum {
                        options: [
                            EnumOption {
                                name: "rainbow B",
                                value: Object {
                                    "id": Number(7691),
                                    "paramId": Number(11837),
                                },
                                extras: {},
                            },
                            EnumOption {
                                name: "Sunrise",
                                value: Object {
                                    "id": Number(1606),
                                    "paramId": Number(1681),
                                },
                                extras: {},
                            },
                            EnumOption {
                                name: "Sunset",
                                value: Object {
                                    "id": Number(1607),
                                    "paramId": Number(1682),
                                },
                                extras: {},
                            },
                            EnumOption {
                                name: "Ocean",
                                value: Object {
                                    "id": Number(1608),
                                    "paramId": Number(1683),
                                },
                                extras: {},
                            },
                            EnumOption {
                                name: "Forest",
                                value: Object {
                                    "id": Number(1609),
                                    "paramId": Number(1684),
                                },
                                extras: {},
                            },
                            EnumOption {
                                name: "Sunset Glow",
                                value: Object {
                                    "id": Number(1610),
                                    "paramId": Number(1685),
                                },
                                extras: {},
                            },
                            EnumOption {
                                name: "Ripple",
                                value: Object {
                                    "id": Number(1611),
                                    "paramId": Number(1686),
                                },
                                extras: {},
                            },
                            EnumOption {
                                name: "Rainbow",
                                value: Object {
                                    "id": Number(1612),
                                    "paramId": Number(1687),
                                },
                                extras: {},
                            },
                            EnumOption {
                                name: "Meteor",
                                value: Object {
                                    "id": Number(1613),
                                    "paramId": Number(1688),
                                },
                                extras: {},
                            },
                            EnumOption {
                                name: "Aurora",
                                value: Object {
                                    "id": Number(1614),
                                    "paramId": Number(1689),
                                },
                                extras: {},
                            },
                            EnumOption {
                                name: "Karst Cave",
                                value: Object {
                                    "id": Number(1615),
                                    "paramId": Number(1690),
                                },
                                extras: {},
                            },
                            EnumOption {
                                name: "Glacier",
                                value: Object {
                                    "id": Number(1616),
                                    "paramId": Number(1691),
                                },
                                extras: {},
                            },
                            EnumOption {
                                name: "Lake",
                                value: Object {
                                    "id": Number(1617),
                                    "paramId": Number(1692),
                                },
                                extras: {},
                            },
                            EnumOption {
                                name: "Fire",
                                value: Object {
                                    "id": Number(1618),
                                    "paramId": Number(1693),
                                },
                                extras: {},
                            },
                            EnumOption {
                                name: "Journey of Flowers",
                                value: Object {
                                    "id": Number(1619),
                                    "paramId": Number(1694),
                                },
                                extras: {},
                            },
                            EnumOption {
                                name: "Downpour",
                                value: Object {
                                    "id": Number(1620),
                                    "paramId": Number(1695),
                                },
                                extras: {},
                            },
                            EnumOption {
                                name: "Rustling leaves",
                                value: Object {
                                    "id": Number(1621),
                                    "paramId": Number(1696),
                                },
                                extras: {},
                            },
                            EnumOption {
                                name: "Wave",
                                value: Object {
                                    "id": Number(1622),
                                    "paramId": Number(1697),
                                },
                                extras: {},
                            },
                            EnumOption {
                                name: "Morning",
                                value: Object {
                                    "id": Number(1623),
                                    "paramId": Number(1698),
                                },
                                extras: {},
                            },
                            EnumOption {
                                name: "Night",
                                value: Object {
                                    "id": Number(1624),
                                    "paramId": Number(1699),
                                },
                                extras: {},
                            },
                            EnumOption {
                                name: "Cherry blossoms",
                                value: Object {
                                    "id": Number(1625),
                                    "paramId": Number(1700),
                                },
                                extras: {},
                            },
                            EnumOption {
                                name: "Movie",
                                value: Object {
                                    "id": Number(1626),
                                    "paramId": Number(1701),
                                },
                                extras: {},
                            },
                            EnumOption {
                                name: "Leisure",
                                value: Object {
                                    "id": Number(1627),
                                    "paramId": Number(1702),
                                },
                                extras: {},
                            },
                            EnumOption {
                                name: "Night Light",
                                value: Object {
                                    "id": Number(1628),
                                    "paramId": Number(1703),
                                },
                                extras: {},
                            },
                            EnumOption {
                                name: "Romantic",
                                value: Object {
                                    "id": Number(1629),
                                    "paramId": Number(1704),
                                },
                                extras: {},
                            },
                            EnumOption {
                                name: "Fireworks",
                                value: Object {
                                    "id": Number(1630),
                                    "paramId": Number(1705),
                                },
                                extras: {},
                            },
                            EnumOption {
                                name: "Tunnel",
                                value: Object {
                                    "id": Number(1631),
                                    "paramId": Number(1706),
                                },
                                extras: {},
                            },
                            EnumOption {
                                name: "Drinks",
                                value: Object {
                                    "id": Number(1632),
                                    "paramId": Number(1707),
                                },
                                extras: {},
                            },
                            EnumOption {
                                name: "Work",
                                value: Object {
                                    "id": Number(1633),
                                    "paramId": Number(1708),
                                },
                                extras: {},
                            },
                            EnumOption {
                                name: "Study",
                                value: Object {
                                    "id": Number(1634),
                                    "paramId": Number(1709),
                                },
                                extras: {},
                            },
                            EnumOption {
                                name: "Candy",
                                value: Object {
                                    "id": Number(1635),
                                    "paramId": Number(1710),
                                },
                                extras: {},
                            },
                            EnumOption {
                                name: "Breathe",
                                value: Object {
                                    "id": Number(1636),
                                    "paramId": Number(1711),
                                },
                                extras: {},
                            },
                            EnumOption {
                                name: "Gradient",
                                value: Object {
                                    "id": Number(1637),
                                    "paramId": Number(1712),
                                },
                                extras: {},
                            },
                            EnumOption {
                                name: "Energetic",
                                value: Object {
                                    "id": Number(1638),
                                    "paramId": Number(1713),
                                },
                                extras: {},
                            },
                            EnumOption {
                                name: "Dreamlike",
                                value: Object {
                                    "id": Number(1639),
                                    "paramId": Number(1714),
                                },
                                extras: {},
                            },
                            EnumOption {
                                name: "Dreamland",
                                value: Object {
                                    "id": Number(1640),
                                    "paramId": Number(1715),
                                },
                                extras: {},
                            },
                            EnumOption {
                                name: "Fight",
                                value: Object {
                                    "id": Number(1641),
                                    "paramId": Number(1716),
                                },
                                extras: {},
                            },
                            EnumOption {
                                name: "Light",
                                value: Object {
                                    "id": Number(1642),
                                    "paramId": Number(1717),
                                },
                                extras: {},
                            },
                            EnumOption {
                                name: "Tenderness",
                                value: Object {
                                    "id": Number(1643),
                                    "paramId": Number(1718),
                                },
                                extras: {},
                            },
                            EnumOption {
                                name: "Warm",
                                value: Object {
                                    "id": Number(1644),
                                    "paramId": Number(1719),
                                },
                                extras: {},
                            },
                            EnumOption {
                                name: "Cheerful",
                                value: Object {
                                    "id": Number(1645),
                                    "paramId": Number(1720),
                                },
                                extras: {},
                            },
                            EnumOption {
                                name: "Rush",
                                value: Object {
                                    "id": Number(1646),
                                    "paramId": Number(1721),
                                },
                                extras: {},
                            },
                            EnumOption {
                                name: "Profound",
                                value: Object {
                                    "id": Number(1647),
                                    "paramId": Number(1722),
                                },
                                extras: {},
                            },
                            EnumOption {
                                name: "Daze",
                                value: Object {
                                    "id": Number(1648),
                                    "paramId": Number(1723),
                                },
                                extras: {},
                            },
                            EnumOption {
                                name: "Halloween",
                                value: Object {
                                    "id": Number(1649),
                                    "paramId": Number(1724),
                                },
                                extras: {},
                            },
                            EnumOption {
                                name: "Christmas",
                                value: Object {
                                    "id": Number(1650),
                                    "paramId": Number(1725),
                                },
                                extras: {},
                            },
                            EnumOption {
                                name: "Party",
                                value: Object {
                                    "id": Number(1651),
                                    "paramId": Number(1726),
                                },
                                extras: {},
                            },
                            EnumOption {
                                name: "Celebration",
                                value: Object {
                                    "id": Number(1652),
                                    "paramId": Number(1727),
                                },
                                extras: {},
                            },
                            EnumOption {
                                name: "Ghost",
                                value: Object {
                                    "id": Number(1653),
                                    "paramId": Number(1728),
                                },
                                extras: {},
                            },
                            EnumOption {
                                name: "Poppin",
                                value: Object {
                                    "id": Number(1664),
                                    "paramId": Number(1739),
                                },
                                extras: {},
                            },
                            EnumOption {
                                name: "Swing",
                                value: Object {
                                    "id": Number(1665),
                                    "paramId": Number(1740),
                                },
                                extras: {},
                            },
                            EnumOption {
                                name: "Racing",
                                value: Object {
                                    "id": Number(1666),
                                    "paramId": Number(1741),
                                },
                                extras: {},
                            },
                            EnumOption {
                                name: "Flash",
                                value: Object {
                                    "id": Number(1667),
                                    "paramId": Number(1742),
                                },
                                extras: {},
                            },
                            EnumOption {
                                name: "Marbles",
                                value: Object {
                                    "id": Number(1668),
                                    "paramId": Number(1743),
                                },
                                extras: {},
                            },
                            EnumOption {
                                name: "Split",
                                value: Object {
                                    "id": Number(1669),
                                    "paramId": Number(1744),
                                },
                                extras: {},
                            },
                            EnumOption {
                                name: "Stacking",
                                value: Object {
                                    "id": Number(1654),
                                    "paramId": Number(1729),
                                },
                                extras: {},
                            },
                            EnumOption {
                                name: "Greedy Snake",
                                value: Object {
                                    "id": Number(1655),
                                    "paramId": Number(1730),
                                },
                                extras: {},
                            },
                            EnumOption {
                                name: "Bouncing Ball",
                                value: Object {
                                    "id": Number(1656),
                                    "paramId": Number(1731),
                                },
                                extras: {},
                            },
                            EnumOption {
                                name: "Strike",
                                value: Object {
                                    "id": Number(1657),
                                    "paramId": Number(1732),
                                },
                                extras: {},
                            },
                            EnumOption {
                                name: "Bubble",
                                value: Object {
                                    "id": Number(1658),
                                    "paramId": Number(1733),
                                },
                                extras: {},
                            },
                            EnumOption {
                                name: "Crossing",
                                value: Object {
                                    "id": Number(1659),
                                    "paramId": Number(1734),
                                },
                                extras: {},
                            },
                            EnumOption {
                                name: "Electro Dance",
                                value: Object {
                                    "id": Number(1660),
                                    "paramId": Number(1735),
                                },
                                extras: {},
                            },
                            EnumOption {
                                name: "Flow",
                                value: Object {
                                    "id": Number(1661),
                                    "paramId": Number(1736),
                                },
                                extras: {},
                            },
                            EnumOption {
                                name: "Accumulation",
                                value: Object {
                                    "id": Number(1662),
                                    "paramId": Number(1737),
                                },
                                extras: {},
                            },
                            EnumOption {
                                name: "Release",
                                value: Object {
                                    "id": Number(1663),
                                    "paramId": Number(1738),
                                },
                                extras: {},
                            },
                        ],
                    },
                ),
                alarm_type: None,
                event_state: None,
            },
        ],
    },
}