DevicesResponse {
    devices: [
        DeviceEntry {
            attributes_id: 4,
            device_id: None,
            device: "47:13:CF:00:00:00:00:25",
            device_ext: DeviceEntryExt {
                device_settings: DeviceSettings {
                    wifi_name: Some(
                        "MySSID",
                    ),
                    address: Some(
                        "CF:00:00:00:00:25",
                    ),
                    ble_name: "Govee_H6072_5225",
                    topic: Some(
                        "GD/",
                    ),
                    wifi_mac: Some(
                        "",
                    ),
                    pact_type: Some(
                        2,
                    ),
                    pact_code: Some(
                        1,
                    ),
                    dsp_version_soft: None,
                    wifi_soft_version: Some(
                        "2.05.08",
                    ),
                    wifi_hard_version: Some(
                        "1.02.00",
                    ),
                    ic: Some(
                        66,
                    ),
                    ic_sub_1: None,
                    ic_sub_2: None,
                    secret_code: None,
                    boil_water_completed_noti_on_off: true,
                    completion_noti_on_off: true,
                    auto_shut_down_on_off: true,
                    sku: "H6072",
                    device: "47:13:CF:00:00:00:00:25",
                    device_name: "Primary Bed Hers",
                    version_hard: Some(
                        "3.02.00",
                    ),
                    version_soft: Some(
                        "2.04.05",
                    ),
                    play_state: Some(
                        false,
                    ),
                },
                ext_resources: ExtResources {
                    sku_url: Some(
                        "https://d1f2504ijhdyjw.cloudfront.net/sku-img/814c890088f34da331e1eecf8ea46fc2-add_list_type_device_6072.png",
                    ),
                    head_on_img_new: None,
                    head_on_img: Some(
                        "https://d1f2504ijhdyjw.cloudfront.net/sku-img/7136846363c3c97ce15fe516fd176366-new_light_title_6072_on%403x.png",
                    ),
                    head_off_img: Some(
                        "https://d1f2504ijhdyjw.cloudfront.net/sku-img/7704c288c48f0b39033a5a28aedf473c-new_light_title_6072_off%403x.png",
                    ),
                    head_off_img_new: None,
                    ext: Some(
                        "",
                    ),
                    ic: Some(
                        66,
                    ),
                },
                last_device_data: LastDeviceData {
                    online: false,
                },
            },
            device_name: "Primary Bed Hers",
            goods_type: 30,
            group_id: 1001,
            pact_code: Some(
                1,
            ),
            pact_type: Some(
                2,
            ),
            share: Some(
                0,
            ),
            sku: "H6072",
            spec: "",
            support_scene: false,
            version_hard: "3.02.00",
            version_soft: "2.04.05",
        },
        DeviceEntry {
            attributes_id: 4,
            device_id: None,
            device: "02:EC:CF:00:00:00:00:48",
            device_ext: DeviceEntryExt {
                device_settings: DeviceSettings {
                    wifi_name: Some(
                        "MySSID",
                    ),
                    address: Some(
                        "CF:00:00:00:00:48",
                    ),
                    ble_name: "Govee_H6072_5048",
                    topic: Some(
                        "GD/",
                    ),
                    wifi_mac: Some(
                        "",
                    ),
                    pact_type: Some(
                        2,
                    ),
                    pact_code: Some(
                        1,
                    ),
                    dsp_version_soft: None,
                    wifi_soft_version: Some(
                        "2.05.08",
                    ),
                    wifi_hard_version: Some(
                        "1.02.00",
                    ),
                    ic: Some(
                        66,
                    ),
                    ic_sub_1: None,
                    ic_sub_2: None,
                    secret_code: None,
                    boil_water_completed_noti_on_off: true,
                    completion_noti_on_off: true,
                    auto_shut_down_on_off: true,
                    sku: "H6072",
                    device: "02:EC:CF:00:00:00:00:48",
                    device_name: "Primary Bed His",
                    version_hard: Some(
                        "3.02.00",
                    ),
                    version_soft: Some(
                        "2.04.05",
                    ),
                    play_state: Some(
                        false,
                    ),
                },
                ext_resources: ExtResources {
                    sku_url: Some(
                        "https://d1f2504ijhdyjw.cloudfront.net/sku-img/814c890088f34da331e1eecf8ea46fc2-add_list_type_device_6072.png",
                    ),
                    head_on_img_new: None,
                    head_on_img: Some(
                        "https://d1f2504ijhdyjw.cloudfront.net/sku-img/7136846363c3c97ce15fe516fd176366-new_light_title_6072_on%403x.png",
                    ),
                    head_off_img: Some(
                        "https://d1f2504ijhdyjw.cloudfront.net/sku-img/7704c288c48f0b39033a5a28aedf473c-new_light_title_6072_off%403x.png",
                    ),
                    head_off_img_new: None,
                    ext: Some(
                        "",
                    ),
                    ic: Some(
                        66,
                    ),
                },
                last_device_data: LastDeviceData {
                    online: false,
                },
            },
            device_name: "Primary Bed His",
            goods_type: 30,
            group_id: 1001,
            pact_code: Some(
                1,
            ),
            pact_type: Some(
                2,
            ),
            share: Some(
                0,
            ),
            sku: "H6072",
            spec: "",
            support_scene: false,
            version_hard: "3.02.00",
            version_soft: "2.04.05",
        },
        DeviceEntry {
            attributes_id: 4,
            device_id: None,
            device: "51:2A:D1:00:00:00:00:93",
            device_ext: DeviceEntryExt {
                device_settings: DeviceSettings {
                    wifi_name: Some(
                        "MySSID",
                    ),
                    address: Some(
                        "D1:00:00:00:00:93",
                    ),
                    ble_name: "Govee_H6072_3193",
                    topic: Some(
                        "GD/",
                    ),
                    wifi_mac: Some(
                        "",
                    ),
                    pact_type: Some(
                        2,
                    ),
                    pact_code: Some(
                        1,
                    ),
                    dsp_version_soft: None,
                    wifi_soft_version: Some(
                        "2.05.08",
                    ),
                    wifi_hard_version: Some(
                        "1.02.00",
                    ),
                    ic: Some(
                        66,
                    ),
                    ic_sub_1: None,
                    ic_sub_2: None,
                    secret_code: None,
                    boil_water_completed_noti_on_off: true,
                    completion_noti_on_off: true,
                    auto_shut_down_on_off: true,
                    sku: "H6072",
                    device: "51:2A:D1:00:00:00:00:93",
                    device_name: "Study Floor Lamp 4",
                    version_hard: Some(
                        "3.02.00",
                    ),
                    version_soft: Some(
                        "2.04.05",
                    ),
                    play_state: Some(
                        false,
                    ),
                },
                ext_resources: ExtResources {
                    sku_url: Some(
                        "https://d1f2504ijhdyjw.cloudfront.net/sku-img/814c890088f34da331e1eecf8ea46fc2-add_list_type_device_6072.png",
                    ),
                    head_on_img_new: None,
                    head_on_img: Some(
                        "https://d1f2504ijhdyjw.cloudfront.net/sku-img/7136846363c3c97ce15fe516fd176366-new_light_title_6072_on%403x.png",
                    ),
                    head_off_img: Some(
                        "https://d1f2504ijhdyjw.cloudfront.net/sku-img/7704c288c48f0b39033a5a28aedf473c-new_light_title_6072_off%403x.png",
                    ),
                    head_off_img_new: None,
                    ext: Some(
                        "",
                    ),
                    ic: Some(
                        66,
                    ),
                },
                last_device_data: LastDeviceData {
                    online: false,
                },
            },
            device_name: "Study Floor Lamp 4",
            goods_type: 30,
            group_id: 1003,
            pact_code: Some(
                1,
            ),
            pact_type: Some(
                2,
            ),
            share: Some(
                0,
            ),
            sku: "H6072",
            spec: "",
            support_scene: false,
            version_hard: "3.02.00",
            version_soft: "2.04.05",
        },
        DeviceEntry {
            attributes_id: 10,
            device_id: None,
            device: "",
            device_ext: DeviceEntryExt {
                device_settings: DeviceSettings {
                    wifi_name: Some(
                        "MySSID",
                    ),
                    address: Some(
                        "",
                    ),
                    ble_name: "Govee_H6058_163C",
                    topic: Some(
                        "GD/",
                    ),
                    wifi_mac: Some(
                        "",
                    ),
                    pact_type: Some(
                        1,
                    ),
                    pact_code: Some(
                        1,
                    ),
                    dsp_version_soft: None,
                    wifi_soft_version: Some(
                        "2.00.20",
                    ),
                    wifi_hard_version: Some(
                        "1.02.00",
                    ),
                    ic: Some(
                        0,
                    ),
                    ic_sub_1: None,
                    ic_sub_2: None,
                    secret_code: Some(
                        "",
                    ),
                    boil_water_completed_noti_on_off: true,
                    completion_noti_on_off: true,
                    auto_shut_down_on_off: true,
                    sku: "H6058",
                    device: "",
                    device_name: "Portable Table Lamp",
                    version_hard: Some(
                        "3.02.02",
                    ),
                    version_soft: Some(
                        "1.01.13",
                    ),
                    play_state: Some(
                        false,
                    ),
                },
                ext_resources: ExtResources {
                    sku_url: Some(
                        "https://d1f2504ijhdyjw.cloudfront.net/sku-img/57f63144484399b4bcdc6dc52699fe0a-add_list_type_device_6058.png",
                    ),
                    head_on_img_new: None,
                    head_on_img: Some(
                        "https://d1f2504ijhdyjw.cloudfront.net/sku-img/ac98ae14313d12a1d8cc092d733b00dc-new_light_title_6058_on.png",
                    ),
                    head_off_img: Some(
                        "https://d1f2504ijhdyjw.cloudfront.net/sku-img/259fee05d104c051c3f5fee3e0860dc3-new_light_title_6058_off.png",
                    ),
                    head_off_img_new: None,
                    ext: Some(
                        "",
                    ),
                    ic: Some(
                        0,
                    ),
                },
                last_device_data: LastDeviceData {
                    online: false,
                },
            },
            device_name: "Portable Table Lamp",
            goods_type: 59,
            group_id: 1001,
            pact_code: Some(
                1,
            ),
            pact_type: Some(
                1,
            ),
            share: Some(
                0,
            ),
            sku: "H6058",
            spec: "",
            support_scene: false,
            version_hard: "3.02.02",
            version_soft: "1.01.13",
        },
        DeviceEntry {
            attributes_id: 25,
            device_id: None,
            device: "",
            device_ext: DeviceEntryExt {
                device_settings: DeviceSettings {
                    wifi_name: Some(
                        "MySSID",
                    ),
                    address: Some(
                        "",
                    ),
                    ble_name: "Govee_H610A_0C6F",
                    topic: Some(
                        "GD/",
                    ),
                    wifi_mac: Some(
                        "",
                    ),
                    pact_type: Some(
                        1,
                    ),
                    pact_code: Some(
                        1,
                    ),
                    dsp_version_soft: None,
                    wifi_soft_version: Some(
                        "2.05.08",
                    ),
                    wifi_hard_version: Some(
                        "1.02.00",
                    ),
                    ic: Some(
                        24,
                    ),
                    ic_sub_1: Some(
                        12,
                    ),
                    ic_sub_2: Some(
                        12,
                    ),
                    secret_code: Some(
                        "",
                    ),
                    boil_water_completed_noti_on_off: true,
                    completion_noti_on_off: true,
                    auto_shut_down_on_off: true,
                    sku: "H610A",
                    device: "",
                    device_name: "Govee Glide Lively 1",
                    version_hard: Some(
                        "3.01.01",
                    ),
                    version_soft: Some(
                        "1.01.08",
                    ),
                    play_state: Some(
                        false,
                    ),
                },
                ext_resources: ExtResources {
                    sku_url: Some(
                        "https://d1f2504ijhdyjw.cloudfront.net/sku-img/94adc398352f030d3b818ae8c2a805dd-add_list_type_device_610a.png",
                    ),
                    head_on_img_new: None,
                    head_on_img: Some(
                        "",
                    ),
                    head_off_img: Some(
                        "",
                    ),
                    head_off_img_new: None,
                    ext: Some(
                        "",
                    ),
                    ic: Some(
                        24,
                    ),
                },
                last_device_data: LastDeviceData {
                    online: false,
                },
            },
            device_name: "Govee Glide Lively 1",
            goods_type: 80,
            group_id: 0,
            pact_code: Some(
                1,
            ),
            pact_type: Some(
                1,
            ),
            share: Some(
                0,
            ),
            sku: "H610A",
            spec: "",
            support_scene: true,
            version_hard: "3.01.01",
            version_soft: "1.01.08",
        },
        DeviceEntry {
            attributes_id: 1,
            device_id: None,
            device: "",
            device_ext: DeviceEntryExt {
                device_settings: DeviceSettings {
                    wifi_name: Some(
                        "MySSID",
                    ),
                    address: Some(
                        "",
                    ),
                    ble_name: "GBK_H61A2_0D17",
                    topic: Some(
                        "GD/",
                    ),
                    wifi_mac: Some(
                        "",
                    ),
                    pact_type: Some(
                        2,
                    ),
                    pact_code: Some(
                        1,
                    ),
                    dsp_version_soft: None,
                    wifi_soft_version: Some(
                        "2.05.08",
                    ),
                    wifi_hard_version: Some(
                        "1.02.00",
                    ),
                    ic: Some(
                        70,
                    ),
                    ic_sub_1: None,
                    ic_sub_2: None,
                    secret_code: Some(
                        "",
                    ),
                    boil_water_completed_noti_on_off: true,
                    completion_noti_on_off: true,
                    auto_shut_down_on_off: true,
                    sku: "H61A2",
                    device: "",
                    device_name: "Study Neon",
                    version_hard: Some(
                        "2.01.02",
                    ),
                    version_soft: Some(
                        "2.07.01",
                    ),
                    play_state: Some(
                        false,
                    ),
                },
                ext_resources: ExtResources {
                    sku_url: Some(
                        "https://d1f2504ijhdyjw.cloudfront.net/sku-img/2ed98b3cef79220b2e982f423b205418-add_list_type_device_61a2.png",
                    ),
                    head_on_img_new: None,
                    head_on_img: Some(
                        "https://d1f2504ijhdyjw.cloudfront.net/sku-img/8ff325193c130aa2b232bbc65f391b48-new_light_title_61a0_on.png",
                    ),
                    head_off_img: Some(
                        "https://d1f2504ijhdyjw.cloudfront.net/sku-img/22e9bd69bc85f3a271ed997bc9fbb699-new_light_title_61a0_off.png",
                    ),
                    head_off_img_new: None,
                    ext: Some(
                        "",
                    ),
                    ic: Some(
                        70,
                    ),
                },
                last_device_data: LastDeviceData {
                    online: false,
                },
            },
            device_name: "Study Neon",
            goods_type: 71,
            group_id: 1003,
            pact_code: Some(
                1,
            ),
            pact_type: Some(
                2,
            ),
            share: Some(
                0,
            ),
            sku: "H61A2",
            spec: "",
            support_scene: true,
            version_hard: "2.01.02",
            version_soft: "2.07.01",
        },
        DeviceEntry {
            attributes_id: 1,
            device_id: None,
            device: "",
            device_ext: DeviceEntryExt {
                device_settings: DeviceSettings {
                    wifi_name: Some(
                        "MySSID",
                    ),
                    address: Some(
                        "",
                    ),
                    ble_name: "GBK_H619A_DA4B",
                    topic: Some(
                        "GD/",
                    ),
                    wifi_mac: Some(
                        "",
                    ),
                    pact_type: Some(
                        2,
                    ),
                    pact_code: Some(
                        1,
                    ),
                    dsp_version_soft: None,
                    wifi_soft_version: Some(
                        "2.05.08",
                    ),
                    wifi_hard_version: Some(
                        "1.02.00",
                    ),
                    ic: Some(
                        20,
                    ),
                    ic_sub_1: None,
                    ic_sub_2: None,
                    secret_code: Some(
                        "",
                    ),
                    boil_water_completed_noti_on_off: true,
                    completion_noti_on_off: true,
                    auto_shut_down_on_off: true,
                    sku: "H619A",
                    device: "",
                    device_name: "Primary Headboard",
                    version_hard: Some(
                        "2.01.02",
                    ),
                    version_soft: Some(
                        "2.07.01",
                    ),
                    play_state: Some(
                        false,
                    ),
                },
                ext_resources: ExtResources {
                    sku_url: Some(
                        "https://d1f2504ijhdyjw.cloudfront.net/sku-img/eb8e4f41a30bfebb249c884209460525-add_list_type_device_619ac.png",
                    ),
                    head_on_img_new: None,
                    head_on_img: Some(
                        "https://d1f2504ijhdyjw.cloudfront.net/sku-img/eed1b442fc5d3aaa28563ded4284e057-new_light_title_6160_on.png",
                    ),
                    head_off_img: Some(
                        "https://d1f2504ijhdyjw.cloudfront.net/sku-img/cb48afdb8618c2ddfd8fe16673336af0-new_light_title_6160_off.png",
                    ),
                    head_off_img_new: None,
                    ext: Some(
                        "",
                    ),
                    ic: Some(
                        20,
                    ),
                },
                last_device_data: LastDeviceData {
                    online: false,
                },
            },
            device_name: "Primary Headboard",
            goods_type: 75,
            group_id: 1001,
            pact_code: Some(
                1,
            ),
            pact_type: Some(
                2,
            ),
            share: Some(
                0,
            ),
            sku: "H619A",
            spec: "",
            support_scene: true,
            version_hard: "2.01.02",
            version_soft: "2.07.01",
        },
        DeviceEntry {
            attributes_id: 1,
            device_id: None,
            device: "",
            device_ext: DeviceEntryExt {
                device_settings: DeviceSettings {
                    wifi_name: Some(
                        "MySSID",
                    ),
                    address: Some(
                        "",
                    ),
                    ble_name: "GBK_H619A_CDF5",
                    topic: Some(
                        "GD/",
                    ),
                    wifi_mac: Some(
                        "",
                    ),
                    pact_type: Some(
                        2,
                    ),
                    pact_code: Some(
                        1,
                    ),
                    dsp_version_soft: None,
                    wifi_soft_version: Some(
                        "2.05.08",
                    ),
                    wifi_hard_version: Some(
                        "1.02.00",
                    ),
                    ic: Some(
                        20,
                    ),
                    ic_sub_1: None,
                    ic_sub_2: None,
                    secret_code: Some(
                        "",
                    ),
                    boil_water_completed_noti_on_off: true,
                    completion_noti_on_off: true,
                    auto_shut_down_on_off: true,
                    sku: "H619A",
                    device: "",
                    device_name: "H619A_CDF5",
                    version_hard: Some(
                        "2.01.02",
                    ),
                    version_soft: Some(
                        "2.06.06",
                    ),
                    play_state: Some(
                        false,
                    ),
                },
                ext_resources: ExtResources {
                    sku_url: Some(
                        "https://d1f2504ijhdyjw.cloudfront.net/sku-img/eb8e4f41a30bfebb249c884209460525-add_list_type_device_619ac.png",
                    ),
                    head_on_img_new: None,
                    head_on_img: Some(
                        "https://d1f2504ijhdyjw.cloudfront.net/sku-img/eed1b442fc5d3aaa28563ded4284e057-new_light_title_6160_on.png",
                    ),
                    head_off_img: Some(
                        "https://d1f2504ijhdyjw.cloudfront.net/sku-img/cb48afdb8618c2ddfd8fe16673336af0-new_light_title_6160_off.png",
                    ),
                    head_off_img_new: None,
                    ext: Some(
                        "",
                    ),
                    ic: Some(
                        20,
                    ),
                },
                last_device_data: LastDeviceData {
                    online: false,
                },
            },
            device_name: "H619A_CDF5",
            goods_type: 75,
            group_id: 0,
            pact_code: Some(
                1,
            ),
            pact_type: Some(
                2,
            ),
            share: Some(
                0,
            ),
            sku: "H619A",
            spec: "",
            support_scene: true,
            version_hard: "2.01.02",
            version_soft: "2.06.06",
        },
        DeviceEntry {
            attributes_id: 4,
            device_id: None,
            device: "",
            device_ext: DeviceEntryExt {
                device_settings: DeviceSettings {
                    wifi_name: Some(
                        "MySSID",
                    ),
                    address: Some(
                        "",
                    ),
                    ble_name: "Govee_H6072_3529",
                    topic: Some(
                        "GD/",
                    ),
                    wifi_mac: Some(
                        "",
                    ),
                    pact_type: Some(
                        2,
                    ),
                    pact_code: Some(
                        1,
                    ),
                    dsp_version_soft: None,
                    wifi_soft_version: Some(
                        "1.02.11",
                    ),
                    wifi_hard_version: Some(
                        "1.00.10",
                    ),
                    ic: Some(
                        66,
                    ),
                    ic_sub_1: None,
                    ic_sub_2: None,
                    secret_code: None,
                    boil_water_completed_noti_on_off: true,
                    completion_noti_on_off: true,
                    auto_shut_down_on_off: true,
                    sku: "H6072",
                    device: "9",
                    device_name: "Study Floor Lamp 2",
                    version_hard: Some(
                        "3.02.00",
                    ),
                    version_soft: Some(
                        "2.04.05",
                    ),
                    play_state: Some(
                        false,
                    ),
                },
                ext_resources: ExtResources {
                    sku_url: Some(
                        "https://d1f2504ijhdyjw.cloudfront.net/sku-img/814c890088f34da331e1eecf8ea46fc2-add_list_type_device_6072.png",
                    ),
                    head_on_img_new: None,
                    head_on_img: Some(
                        "https://d1f2504ijhdyjw.cloudfront.net/sku-img/7136846363c3c97ce15fe516fd176366-new_light_title_6072_on%403x.png",
                    ),
                    head_off_img: Some(
                        "https://d1f2504ijhdyjw.cloudfront.net/sku-img/7704c288c48f0b39033a5a28aedf473c-new_light_title_6072_off%403x.png",
                    ),
                    head_off_img_new: None,
                    ext: Some(
                        "",
                    ),
                    ic: Some(
                        66,
                    ),
                },
                last_device_data: LastDeviceData {
                    online: false,
                },
            },
            device_name: "Study Floor Lamp 2",
            goods_type: 30,
            group_id: 1003,
            pact_code: Some(
                1,
            ),
            pact_type: Some(
                2,
            ),
            share: Some(
                0,
            ),
            sku: "H6072",
            spec: "",
            support_scene: false,
            version_hard: "3.02.00",
            version_soft: "2.04.05",
        },
        DeviceEntry {
            attributes_id: 4,
            device_id: None,
            device: "",
            device_ext: DeviceEntryExt {
                device_settings: DeviceSettings {
                    wifi_name: Some(
                        "MySSID",
                    ),
                    address: Some(
                        "",
                    ),
                    ble_name: "Govee_H6072_3411",
                    topic: Some(
                        "GD/",
                    ),
                    wifi_mac: Some(
                        "",
                    ),
                    pact_type: Some(
                        2,
                    ),
                    pact_code: Some(
                        1,
                    ),
                    dsp_version_soft: None,
                    wifi_soft_version: Some(
                        "1.02.11",
                    ),
                    wifi_hard_version: Some(
                        "1.00.10",
                    ),
                    ic: Some(
                        66,
                    ),
                    ic_sub_1: None,
                    ic_sub_2: None,
                    secret_code: None,
                    boil_water_completed_noti_on_off: true,
                    completion_noti_on_off: true,
                    auto_shut_down_on_off: true,
                    sku: "H6072",
                    device: "",
                    device_name: "Study Floor Lamp 1",
                    version_hard: Some(
                        "3.02.00",
                    ),
                    version_soft: Some(
                        "2.04.05",
                    ),
                    play_state: Some(
                        false,
                    ),
                },
                ext_resources: ExtResources {
                    sku_url: Some(
                        "https://d1f2504ijhdyjw.cloudfront.net/sku-img/814c890088f34da331e1eecf8ea46fc2-add_list_type_device_6072.png",
                    ),
                    head_on_img_new: None,
                    head_on_img: Some(
                        "https://d1f2504ijhdyjw.cloudfront.net/sku-img/7136846363c3c97ce15fe516fd176366-new_light_title_6072_on%403x.png",
                    ),
                    head_off_img: Some(
                        "https://d1f2504ijhdyjw.cloudfront.net/sku-img/7704c288c48f0b39033a5a28aedf473c-new_light_title_6072_off%403x.png",
                    ),
                    head_off_img_new: None,
                    ext: Some(
                        "",
                    ),
                    ic: Some(
                        66,
                    ),
                },
                last_device_data: LastDeviceData {
                    online: false,
                },
            },
            device_name: "Study Floor Lamp 1",
            goods_type: 30,
            group_id: 1003,
            pact_code: Some(
                1,
            ),
            pact_type: Some(
                2,
            ),
            share: Some(
                0,
            ),
            sku: "H6072",
            spec: "",
            support_scene: false,
            version_hard: "3.02.00",
            version_soft: "2.04.05",
        },
    ],
    groups: [
        GroupEntry {
            group_id: 1001,
            group_name: "Bedroom",
        },
        GroupEntry {
            group_id: 1002,
            group_name: "Living Room",
        },
        GroupEntry {
            group_id: 1003,
            group_name: "Study",
        },
    ],
    message: "",
    status: 200,
}